// Jest Snapshot v1, https://goo.gl/fbAQLP

exports[`Header Component Check if the component loaded 1`] = `
<div
  className="makeStyles-root-1"
>
  <WithStyles(ForwardRef(AppBar))
    position="static"
  >
    <WithStyles(ForwardRef(Toolbar))>
      <WithStyles(ForwardRef(Typography))
        className="makeStyles-title-3"
        variant="h6"
      >
        Twitter App
      </WithStyles(ForwardRef(Typography))>
    </WithStyles(ForwardRef(Toolbar))>
  </WithStyles(ForwardRef(AppBar))>
</div>
`;
